2026-09-09 20:25:24,299 - rekov_system - SUCCESS - ==================================================
2026-09-09 20:25:24,300 - rekov_system - SUCCESS - Starting rekov (HealthExpress) System Auto-Launcher
2026-09-09 20:25:24,300 - rekov_system - SUCCESS - ==================================================
2026-09-09 20:25:24,300 - rekov_system - INFO - Checking backend dependencies...
2026-09-09 20:25:26,105 - rekov_system - SUCCESS - Backend dependencies ready.
2026-09-09 20:25:26,106 - rekov_system - INFO - Starting BACKEND with command: C:\Users\Roset\AppData\Local\Programs\Python\Python313\python.exe -m uvicorn main:app --host 0.0.0.0 --port 8000
2026-09-09 20:25:26,120 - rekov_system - INFO - Checking frontend dependencies...
2026-09-09 20:25:27,289 - rekov_system - ERROR - [BACKEND] INFO:     Started server process [19904]
2026-09-09 20:25:27,289 - rekov_system - ERROR - [BACKEND] INFO:     Waiting for application startup.
2026-09-09 20:25:27,295 - rekov_system - ERROR - [BACKEND] INFO:     Application startup complete.
2026-09-09 20:25:27,295 - rekov_system - ERROR - [BACKEND] ERROR:    [Errno 10048] error while attempting to bind on address ('0.0.0.0', 8000): [winerror 10048] only one usage of each socket address (protocol/network address/port) is normally permitted
2026-09-09 20:25:27,296 - rekov_system - ERROR - [BACKEND] INFO:     Waiting for application shutdown.
2026-09-09 20:25:27,296 - rekov_system - ERROR - [BACKEND] INFO:     Application shutdown complete.
2026-09-09 20:25:29,198 - rekov_system - SUCCESS - Frontend dependencies ready.
2026-09-09 20:25:29,199 - rekov_system - INFO - Starting FRONTEND with command: cmd /c npm run dev
2026-09-09 20:25:29,219 - rekov_system - SUCCESS - All systems launched. Monitoring processes...
2026-09-09 20:25:29,219 - rekov_system - INFO - -> Backend API: http://localhost:8000
2026-09-09 20:25:29,220 - rekov_system - INFO - -> Frontend UI: http://localhost:3000
2026-09-09 20:25:29,220 - rekov_system - ERROR - Backend process exited with code 3
2026-09-09 20:25:29,220 - rekov_system - INFO - Terminating processes...
2026-09-09 20:25:29,410 - rekov_system - SUCCESS - System shutdown complete.
