2026-09-09 20:29:29 - rekov_system - SUCCESS - ==================================================
2026-09-09 20:29:29 - rekov_system - SUCCESS -   rekov -- HealthExpress System Auto-Launcher
2026-09-09 20:29:29 - rekov_system - SUCCESS - ==================================================
2026-09-09 20:29:29 - rekov_system - INFO - Installing / verifying backend dependencies...
2026-09-09 20:29:31 - rekov_system - SUCCESS - Backend dependencies ready.
2026-09-09 20:29:31 - rekov_system - INFO - Starting BACKEND with command: C:\Users\Roset\AppData\Local\Programs\Python\Python313\python.exe -m uvicorn main:app --host 0.0.0.0 --port 8000
2026-09-09 20:29:31 - rekov_system - INFO - Installing / verifying frontend dependencies...
2026-09-09 20:29:33 - rekov_system - INFO - [BACKEND] INFO:     Started server process [30832]
2026-09-09 20:29:33 - rekov_system - INFO - [BACKEND] INFO:     Waiting for application startup.
2026-09-09 20:29:33 - rekov_system - INFO - [BACKEND] INFO:     Application startup complete.
2026-09-09 20:29:33 - rekov_system - ERROR - [BACKEND] ERROR:    [Errno 10048] error while attempting to bind on address ('0.0.0.0', 8000): [winerror 10048] only one usage of each socket address (protocol/network address/port) is normally permitted
2026-09-09 20:29:33 - rekov_system - INFO - [BACKEND] INFO:     Waiting for application shutdown.
2026-09-09 20:29:33 - rekov_system - INFO - [BACKEND] INFO:     Application shutdown complete.
2026-09-09 20:29:35 - rekov_system - SUCCESS - Frontend dependencies ready.
2026-09-09 20:29:35 - rekov_system - INFO - Starting FRONTEND with command: cmd /c npm run dev
2026-09-09 20:29:35 - rekov_system - SUCCESS - All systems launched. Monitoring processes...
2026-09-09 20:29:35 - rekov_system - INFO - -> Backend API:  http://localhost:8000
2026-09-09 20:29:35 - rekov_system - INFO - -> Frontend UI:  http://localhost:3000
2026-09-09 20:29:35 - rekov_system - INFO - -> API Docs:     http://localhost:8000/docs
2026-09-09 20:29:35 - rekov_system - ERROR - Backend exited unexpectedly (code 3)
2026-09-09 20:29:35 - rekov_system - INFO - Terminating child processes...
2026-09-09 20:29:35 - rekov_system - SUCCESS - System shutdown complete.
