2026-09-09 23:29:55 - rekov_system - SUCCESS - ==================================================
2026-09-09 23:29:55 - rekov_system - SUCCESS -   REKOV -- Unified System Launcher
2026-09-09 23:29:55 - rekov_system - SUCCESS - ==================================================
2026-09-09 23:29:55 - rekov_system - INFO - 
2026-09-09 23:29:55 - rekov_system - INFO -   Single process managing all services.
2026-09-09 23:29:55 - rekov_system - INFO -   Backend + Frontend launched together.
2026-09-09 23:29:55 - rekov_system - INFO - 
2026-09-09 23:29:55 - rekov_system - INFO - [SETUP] Installing backend dependencies...
2026-09-09 23:29:58 - rekov_system - SUCCESS - [SETUP] Backend dependencies ready.
2026-09-09 23:29:58 - rekov_system - INFO - [SETUP] Installing frontend dependencies...
2026-09-09 23:30:06 - rekov_system - SUCCESS - [SETUP] Frontend dependencies ready.
2026-09-09 23:30:06 - rekov_system - INFO - [API] Spawning: C:\Users\Roset\AppData\Local\Programs\Python\Python313\python.exe -m uvicorn main:app --host 0.0.0.0 --port 8000
2026-09-09 23:30:06 - rekov_system - INFO - [UI] Spawning: cmd /c npm run dev
2026-09-09 23:30:06 - rekov_system - SUCCESS - ==================================================
2026-09-09 23:30:06 - rekov_system - SUCCESS -   ALL SYSTEMS ONLINE
2026-09-09 23:30:06 - rekov_system - SUCCESS - ==================================================
2026-09-09 23:30:06 - rekov_system - INFO - 
2026-09-09 23:30:06 - rekov_system - INFO -   -> http://localhost:3000         (Application)
2026-09-09 23:30:06 - rekov_system - INFO -   -> http://localhost:3000/kiosk    (Self-Service)
2026-09-09 23:30:06 - rekov_system - INFO -   -> http://localhost:8000/docs     (API Docs)
2026-09-09 23:30:06 - rekov_system - INFO - 
2026-09-09 23:30:06 - rekov_system - INFO -   Press Ctrl+C to stop.
2026-09-09 23:30:06 - rekov_system - INFO - 
2026-09-09 23:30:07 - rekov_system - INFO - [UI] > rekoviu@1.0.0 dev
2026-09-09 23:30:07 - rekov_system - INFO - [UI] > next dev -p 3000
2026-09-09 23:30:11 - rekov_system - ERROR - [API] Traceback (most recent call last):
2026-09-09 23:30:11 - rekov_system - WARNING - [API] File "<frozen runpy>", line 203, in _run_module_as_main
2026-09-09 23:30:11 - rekov_system - WARNING - [API] File "<frozen runpy>", line 88, in _run_code
2026-09-09 23:30:11 - rekov_system - WARNING - [API] File "C:\Users\Roset\AppData\Local\Programs\Python\Python313\Lib\site-packages\uvicorn\__main__.py", line 4, in <module>
2026-09-09 23:30:11 - rekov_system - WARNING - [API] uvicorn.main()
2026-09-09 23:30:11 - rekov_system - WARNING - [API] ~~~~~~~~~~~~^^
2026-09-09 23:30:11 - rekov_system - WARNING - [API] File "C:\Users\Roset\AppData\Local\Programs\Python\Python313\Lib\site-packages\click\core.py", line 1569, in __call__
2026-09-09 23:30:11 - rekov_system - WARNING - [API] return self.main(*args, **kwargs)
2026-09-09 23:30:11 - rekov_system - WARNING - [API] ~~~~~~~~~^^^^^^^^^^^^^^^^^
2026-09-09 23:30:11 - rekov_system - WARNING - [API] File "C:\Users\Roset\AppData\Local\Programs\Python\Python313\Lib\site-packages\click\core.py", line 1490, in main
2026-09-09 23:30:11 - rekov_system - WARNING - [API] rv = self.invoke(ctx)
2026-09-09 23:30:11 - rekov_system - WARNING - [API] File "C:\Users\Roset\AppData\Local\Programs\Python\Python313\Lib\site-packages\click\core.py", line 1353, in invoke
2026-09-09 23:30:11 - rekov_system - WARNING - [API] return ctx.invoke(self.callback, **ctx.params)
2026-09-09 23:30:11 - rekov_system - WARNING - [API] ~~~~~~~~~~^^^^^^^^^^^^^^^^^^^^^^^^^^^^^
2026-09-09 23:30:11 - rekov_system - WARNING - [API] File "C:\Users\Roset\AppData\Local\Programs\Python\Python313\Lib\site-packages\click\core.py", line 907, in invoke
2026-09-09 23:30:11 - rekov_system - WARNING - [API] return callback(*args, **kwargs)
2026-09-09 23:30:11 - rekov_system - WARNING - [API] File "C:\Users\Roset\AppData\Local\Programs\Python\Python313\Lib\site-packages\uvicorn\main.py", line 440, in main
2026-09-09 23:30:11 - rekov_system - WARNING - [API] run(
2026-09-09 23:30:11 - rekov_system - WARNING - [API] ~~~^
2026-09-09 23:30:11 - rekov_system - WARNING - [API] app,
2026-09-09 23:30:11 - rekov_system - WARNING - [API] ^^^^
2026-09-09 23:30:11 - rekov_system - WARNING - [API] ...<48 lines>...
2026-09-09 23:30:11 - rekov_system - WARNING - [API] reset_contextvars=reset_contextvars,
2026-09-09 23:30:11 - rekov_system - WARNING - [API] ^^^^^^^^^^^^^^^^^^^^^^^^^^^^^^^^^^^^
2026-09-09 23:30:11 - rekov_system - WARNING - [API] )
2026-09-09 23:30:11 - rekov_system - WARNING - [API] ^
2026-09-09 23:30:11 - rekov_system - WARNING - [API] File "C:\Users\Roset\AppData\Local\Programs\Python\Python313\Lib\site-packages\uvicorn\main.py", line 609, in run
2026-09-09 23:30:11 - rekov_system - WARNING - [API] config.load_app()
2026-09-09 23:30:11 - rekov_system - WARNING - [API] ~~~~~~~~~~~~~~~^^
2026-09-09 23:30:11 - rekov_system - WARNING - [API] File "C:\Users\Roset\AppData\Local\Programs\Python\Python313\Lib\site-packages\uvicorn\config.py", line 427, in load_app
2026-09-09 23:30:11 - rekov_system - WARNING - [API] return import_from_string(self.app)
2026-09-09 23:30:11 - rekov_system - WARNING - [API] File "C:\Users\Roset\AppData\Local\Programs\Python\Python313\Lib\site-packages\uvicorn\importer.py", line 19, in import_from_string
2026-09-09 23:30:11 - rekov_system - WARNING - [API] module = importlib.import_module(module_str)
2026-09-09 23:30:11 - rekov_system - WARNING - [API] File "C:\Users\Roset\AppData\Local\Programs\Python\Python313\Lib\importlib\__init__.py", line 88, in import_module
2026-09-09 23:30:11 - rekov_system - WARNING - [API] return _bootstrap._gcd_import(name[level:], package, level)
2026-09-09 23:30:11 - rekov_system - WARNING - [API] ~~~~~~~~~~~~~~~~~~~~~~^^^^^^^^^^^^^^^^^^^^^^^^^^^^^^
2026-09-09 23:30:11 - rekov_system - WARNING - [API] File "<frozen importlib._bootstrap>", line 1395, in _gcd_import
2026-09-09 23:30:11 - rekov_system - WARNING - [API] File "<frozen importlib._bootstrap>", line 1360, in _find_and_load
2026-09-09 23:30:11 - rekov_system - WARNING - [API] File "<frozen importlib._bootstrap>", line 1331, in _find_and_load_unlocked
2026-09-09 23:30:11 - rekov_system - WARNING - [API] File "<frozen importlib._bootstrap>", line 935, in _load_unlocked
2026-09-09 23:30:11 - rekov_system - WARNING - [API] File "<frozen importlib._bootstrap_external>", line 1023, in exec_module
2026-09-09 23:30:11 - rekov_system - WARNING - [API] File "<frozen importlib._bootstrap>", line 488, in _call_with_frames_removed
2026-09-09 23:30:11 - rekov_system - WARNING - [API] File "C:\Users\Roset\Desktop\rekov\rekov\main.py", line 20, in <module>
2026-09-09 23:30:11 - rekov_system - WARNING - [API] title=settings.PROJECT_NAME,
2026-09-09 23:30:11 - rekov_system - WARNING - [API] ^^^^^^^^^^^^^^^^^^^^^
2026-09-09 23:30:11 - rekov_system - ERROR - [API] AttributeError: module 'app.routers.settings' has no attribute 'PROJECT_NAME'
2026-09-09 23:30:11 - rekov_system - ERROR - API process exited (code 1)
2026-09-09 23:30:11 - rekov_system - INFO - Terminating child processes...
2026-09-09 23:30:12 - rekov_system - SUCCESS - System shutdown complete.
