2026-09-09 20:29:24 - rekov_system - SUCCESS - ==================================================
2026-09-09 20:29:24 - rekov_system - SUCCESS -   rekov -- HealthExpress System Auto-Launcher
2026-09-09 20:29:24 - rekov_system - SUCCESS - ==================================================
2026-09-09 20:29:24 - rekov_system - INFO - Installing / verifying backend dependencies...
2026-09-09 20:29:26 - rekov_system - SUCCESS - Backend dependencies ready.
2026-09-09 20:29:26 - rekov_system - INFO - Starting BACKEND with command: C:\Users\Roset\AppData\Local\Programs\Python\Python313\python.exe -m uvicorn main:app --host 0.0.0.0 --port 8000
2026-09-09 20:29:26 - rekov_system - INFO - Installing / verifying frontend dependencies...
2026-09-09 20:29:27 - rekov_system - INFO - [BACKEND] INFO:     Started server process [19636]
2026-09-09 20:29:27 - rekov_system - INFO - [BACKEND] INFO:     Waiting for application startup.
2026-09-09 20:29:27 - rekov_system - INFO - [BACKEND] INFO:     Application startup complete.
2026-09-09 20:29:27 - rekov_system - INFO - [BACKEND] INFO:     Uvicorn running on http://0.0.0.0:8000 (Press CTRL+C to quit)
2026-09-09 20:29:30 - rekov_system - SUCCESS - Frontend dependencies ready.
2026-09-09 20:29:30 - rekov_system - INFO - Starting FRONTEND with command: cmd /c npm run dev
2026-09-09 20:29:30 - rekov_system - SUCCESS - All systems launched. Monitoring processes...
2026-09-09 20:29:30 - rekov_system - INFO - -> Backend API:  http://localhost:8000
2026-09-09 20:29:30 - rekov_system - INFO - -> Frontend UI:  http://localhost:3000
2026-09-09 20:29:30 - rekov_system - INFO - -> API Docs:     http://localhost:8000/docs
2026-09-09 20:29:30 - rekov_system - INFO - [FRONTEND] > rekoviu@1.0.0 dev
2026-09-09 20:29:30 - rekov_system - INFO - [FRONTEND] > next dev -p 3000
2026-09-09 20:29:31 - rekov_system - INFO - [FRONTEND] ▲ Next.js 14.2.35
2026-09-09 20:29:31 - rekov_system - INFO - [FRONTEND] - Local:        http://localhost:3000
2026-09-09 20:29:31 - rekov_system - INFO - [FRONTEND] ✓ Starting...
2026-09-09 20:29:33 - rekov_system - INFO - [FRONTEND] ✓ Ready in 2.3s
2026-09-09 20:29:49 - rekov_system - INFO - [FRONTEND] [?25h
2026-09-09 20:29:49 - rekov_system - ERROR - Backend exited unexpectedly (code 4294967295)
2026-09-09 20:29:49 - rekov_system - INFO - Terminating child processes...
2026-09-09 20:29:49 - rekov_system - SUCCESS - System shutdown complete.
