2026-09-09 21:08:48 - rekov_system - SUCCESS - ==================================================
2026-09-09 21:08:48 - rekov_system - SUCCESS -   REKOV -- Unified System Launcher
2026-09-09 21:08:48 - rekov_system - SUCCESS - ==================================================
2026-09-09 21:08:48 - rekov_system - INFO - 
2026-09-09 21:08:48 - rekov_system - INFO -   Single process managing all services.
2026-09-09 21:08:48 - rekov_system - INFO -   Backend + Frontend launched together.
2026-09-09 21:08:48 - rekov_system - INFO - 
2026-09-09 21:08:48 - rekov_system - INFO - [SETUP] Installing backend dependencies...
2026-09-09 21:08:50 - rekov_system - SUCCESS - [SETUP] Backend dependencies ready.
2026-09-09 21:08:50 - rekov_system - INFO - [SETUP] Installing frontend dependencies...
2026-09-09 21:08:53 - rekov_system - SUCCESS - [SETUP] Frontend dependencies ready.
2026-09-09 21:08:53 - rekov_system - INFO - [API] Spawning: C:\Users\Roset\AppData\Local\Programs\Python\Python313\python.exe -m uvicorn main:app --host 0.0.0.0 --port 8000
2026-09-09 21:08:53 - rekov_system - INFO - [UI] Spawning: cmd /c npm run dev
2026-09-09 21:08:54 - rekov_system - SUCCESS - ==================================================
2026-09-09 21:08:54 - rekov_system - SUCCESS -   ALL SYSTEMS ONLINE
2026-09-09 21:08:54 - rekov_system - SUCCESS - ==================================================
2026-09-09 21:08:54 - rekov_system - INFO - 
2026-09-09 21:08:54 - rekov_system - INFO -   -> http://localhost:3000         (Application)
2026-09-09 21:08:54 - rekov_system - INFO -   -> http://localhost:3000/kiosk    (Self-Service)
2026-09-09 21:08:54 - rekov_system - INFO -   -> http://localhost:8000/docs     (API Docs)
2026-09-09 21:08:54 - rekov_system - INFO - 
2026-09-09 21:08:54 - rekov_system - INFO -   Press Ctrl+C to stop.
2026-09-09 21:08:54 - rekov_system - INFO - 
2026-09-09 21:08:54 - rekov_system - INFO - [UI] > rekoviu@1.0.0 dev
2026-09-09 21:08:54 - rekov_system - INFO - [UI] > next dev -p 3000
2026-09-09 21:08:55 - rekov_system - INFO - [UI] ▲ Next.js 14.2.35
2026-09-09 21:08:55 - rekov_system - INFO - [UI] - Local:        http://localhost:3000
2026-09-09 21:08:55 - rekov_system - INFO - [UI] ✓ Starting...
2026-09-09 21:08:55 - rekov_system - INFO - [API] INFO:     Started server process [18692]
2026-09-09 21:08:55 - rekov_system - INFO - [API] INFO:     Waiting for application startup.
2026-09-09 21:08:55 - rekov_system - INFO - [API] INFO:     Application startup complete.
2026-09-09 21:08:55 - rekov_system - INFO - [API] INFO:     Uvicorn running on http://0.0.0.0:8000 (Press CTRL+C to quit)
2026-09-09 21:08:57 - rekov_system - INFO - [UI] ✓ Ready in 2.5s
2026-09-09 21:08:57 - rekov_system - WARNING - [UI] (node:35944) [DEP0060] DeprecationWarning: The `util._extend` API is deprecated. Please use Object.assign() instead.
2026-09-09 21:08:57 - rekov_system - WARNING - [UI] (Use `node --trace-deprecation ...` to show where the warning was created)
2026-09-09 21:08:57 - rekov_system - INFO - [API] INFO:     127.0.0.1:59602 - "GET /api/v1/queue/board HTTP/1.1" 200 OK
2026-09-09 21:08:59 - rekov_system - INFO - [UI] ○ Compiling / ...
2026-09-09 21:09:00 - rekov_system - INFO - [API] INFO:     127.0.0.1:56261 - "GET /api/v1/queue/board HTTP/1.1" 200 OK
2026-09-09 21:09:05 - rekov_system - INFO - [API] INFO:     127.0.0.1:51456 - "GET /api/v1/queue/board HTTP/1.1" 200 OK
2026-09-09 21:09:07 - rekov_system - INFO - [UI] ✓ Compiled /queue-board in 8.1s (526 modules)
2026-09-09 21:09:07 - rekov_system - INFO - [UI] GET /queue-board 200 in 3552ms
2026-09-09 21:09:33 - rekov_system - INFO - [UI] ✓ Compiled in 170ms (269 modules)
2026-09-09 21:09:35 - rekov_system - WARNING - Shutting down...
2026-09-09 21:09:35 - rekov_system - INFO - Terminating child processes...
2026-09-09 21:09:35 - rekov_system - INFO - [UI] Terminate batch job (Y/N)? [?25h
